
> neuraldrift@0.1.0 build
> next build

  Γû▓ Next.js 14.2.35

npm : 
At line:1 char:1
+ npm run build > build_error.log 2>&1
+ ~~~~~~~~~~~~~~~~~~~~~~~~~~~~~~~~~~~~
    + CategoryInfo          : NotSpecified: (:Strin 
   g) [], RemoteException
    + FullyQualifiedErrorId : NativeCommandError
 
> Build error occurred
Error: You cannot use different slug names for the 
same dynamic path ('id' !== 'slug').
    at handleSlug (C:\Users\shawn\projects\neuraldri
ft.io\node_modules\next\dist\shared\lib\router\utils
\sorted-routes.js:94:31)
    at UrlNode._insert (C:\Users\shawn\projects\neur
aldrift.io\node_modules\next\dist\shared\lib\router\
utils\sorted-routes.js:131:17)
    at UrlNode._insert (C:\Users\shawn\projects\neur
aldrift.io\node_modules\next\dist\shared\lib\router\
utils\sorted-routes.js:142:40)
    at UrlNode.insert (C:\Users\shawn\projects\neura
ldrift.io\node_modules\next\dist\shared\lib\router\u
tils\sorted-routes.js:13:14)
    at C:\Users\shawn\projects\neuraldrift.io\node_m
odules\next\dist\shared\lib\router\utils\sorted-rout
es.js:165:46
    at Array.forEach (<anonymous>)
    at getSortedRoutes (C:\Users\shawn\projects\neur
aldrift.io\node_modules\next\dist\shared\lib\router\
utils\sorted-routes.js:165:21)
    at C:\Users\shawn\projects\neuraldrift.io\node_m
odules\next\dist\build\index.js:625:65
    at Span.traceFn (C:\Users\shawn\projects\neurald
rift.io\node_modules\next\dist\trace\trace.js:147:20
)
    at C:\Users\shawn\projects\neuraldrift.io\node_m
odules\next\dist\build\index.js:624:89
